// Jest Snapshot v1, https://goo.gl/fbAQLP

exports[`index component should render component correctly 1`] = `
<body>
  <div />
</body>
`;
